nohup: ignoring input
Server listening on http://localhost:4000
[0mGET /health [32m200[0m 9.331 ms - 15[0m
[0mGET /academics/src [32m200[0m 7.820 ms - 16810[0m
[0mGET /logo.png [33m404[0m 3.905 ms - 147[0m
[0mGET /styles.css [32m200[0m 2.655 ms - 9278[0m
[0mGET /favicon.ico [33m404[0m 1.255 ms - 150[0m
[0mGET /academics/src [32m200[0m 3.202 ms - 15840[0m
[0mGET /academics/src [32m200[0m 1.874 ms - 15840[0m
[0mGET /logo.png [33m404[0m 0.726 ms - 147[0m
[0mGET /styles.css [32m200[0m 0.899 ms - 10036[0m
[0mGET /academics/src [32m200[0m 1.680 ms - 15840[0m
[0mGET /styles.css [36m304[0m 0.570 ms - -[0m
[0mGET /logo.png [33m404[0m 1.136 ms - 147[0m
[0mGET /academics/exams [32m200[0m 1.798 ms - 10081[0m
[0mGET /styles.css [36m304[0m 0.430 ms - -[0m
[0mGET /logo.png [33m404[0m 0.315 ms - 147[0m
[0mGET /academics/src [36m304[0m 2.071 ms - -[0m
[0mGET /styles.css [36m304[0m 0.458 ms - -[0m
[0mGET /logo.png [33m404[0m 0.643 ms - 147[0m
[0mGET /academics/src [36m304[0m 1.497 ms - -[0m
[0mGET /logo.png [33m404[0m 0.572 ms - 147[0m
[0mGET /styles.css [36m304[0m 0.569 ms - -[0m
[0mGET /materials [32m200[0m 1.671 ms - 11221[0m
[0mGET /logo.png [33m404[0m 0.528 ms - 147[0m
[0mGET /styles.css [36m304[0m 0.548 ms - -[0m
[0mGET /materials/submit [32m200[0m 1.994 ms - 11410[0m
[0mGET /styles.css [36m304[0m 0.755 ms - -[0m
[0mGET /logo.png [33m404[0m 0.951 ms - 147[0m
[0mGET /academics/exams [36m304[0m 1.208 ms - -[0m
[0mGET /logo.png [33m404[0m 0.539 ms - 147[0m
[0mGET /styles.css [36m304[0m 0.235 ms - -[0m
[0mGET /academics/notices [32m200[0m 1.212 ms - 10086[0m
[0mGET /logo.png [33m404[0m 1.023 ms - 147[0m
[0mGET /styles.css [36m304[0m 1.037 ms - -[0m
[0mGET /academics [32m200[0m 1.900 ms - 12237[0m
[0mGET /logo.png [33m404[0m 1.195 ms - 147[0m
[0mGET /styles.css [36m304[0m 1.297 ms - -[0m
[0mGET /academics/calendar [32m200[0m 1.341 ms - 10090[0m
[0mGET /styles.css [36m304[0m 0.449 ms - -[0m
[0mGET /logo.png [33m404[0m 0.658 ms - 147[0m
[0mGET /academics/src [36m304[0m 1.884 ms - -[0m
[0mGET /styles.css [36m304[0m 0.474 ms - -[0m
[0mGET /logo.png [33m404[0m 0.577 ms - 147[0m
[0mGET /academics/src [36m304[0m 1.834 ms - -[0m
[0mGET /logo.png [33m404[0m 0.820 ms - 147[0m
[0mGET /styles.css [36m304[0m 0.294 ms - -[0m
[0mGET /info/enquiry [32m200[0m 1.162 ms - 10070[0m
[0mGET /styles.css [36m304[0m 0.294 ms - -[0m
[0mGET /logo.png [33m404[0m 0.268 ms - 147[0m
[0mGET /info [32m200[0m 1.702 ms - 11746[0m
[0mGET /styles.css [36m304[0m 0.437 ms - -[0m
[0mGET /logo.png [33m404[0m 0.582 ms - 147[0m
[0mGET /info/enquiry [36m304[0m 1.757 ms - -[0m
[0mGET /logo.png [33m404[0m 0.749 ms - 147[0m
[0mGET /styles.css [36m304[0m 0.641 ms - -[0m
[0mGET /info/enquiry [36m304[0m 1.085 ms - -[0m
[0mGET /logo.png [33m404[0m 0.645 ms - 147[0m
[0mGET /styles.css [36m304[0m 0.298 ms - -[0m
[0mGET /sports [32m200[0m 1.004 ms - 11740[0m
[0mGET /logo.png [33m404[0m 0.846 ms - 147[0m
[0mGET /styles.css [36m304[0m 0.820 ms - -[0m
[0mGET /sports [36m304[0m 1.545 ms - -[0m
[0mGET /styles.css [36m304[0m 0.857 ms - -[0m
[0mGET /logo.png [33m404[0m 1.054 ms - 147[0m
[0mGET /sports [36m304[0m 1.187 ms - -[0m
[0mGET /styles.css [36m304[0m 0.543 ms - -[0m
[0mGET /logo.png [33m404[0m 0.520 ms - 147[0m
[0mGET /sports [36m304[0m 1.428 ms - -[0m
[0mGET /logo.png [33m404[0m 0.635 ms - 147[0m
[0mGET /styles.css [36m304[0m 0.589 ms - -[0m
[0mGET /sports/venues [32m200[0m 1.209 ms - 10072[0m
[0mGET /styles.css [36m304[0m 0.419 ms - -[0m
[0mGET /logo.png [33m404[0m 0.577 ms - 147[0m
[0mGET /sports [36m304[0m 0.704 ms - -[0m
[0mGET /logo.png [33m404[0m 0.510 ms - 147[0m
[0mGET /styles.css [36m304[0m 0.486 ms - -[0m
[0mGET /sports [36m304[0m 1.185 ms - -[0m
[0mGET /logo.png [33m404[0m 1.031 ms - 147[0m
[0mGET /styles.css [36m304[0m 1.068 ms - -[0m
[0mGET /sports/venues [36m304[0m 1.315 ms - -[0m
[0mGET /logo.png [33m404[0m 0.663 ms - 147[0m
[0mGET /styles.css [36m304[0m 1.200 ms - -[0m
[0mGET /materials [36m304[0m 0.929 ms - -[0m
[0mGET /styles.css [36m304[0m 0.283 ms - -[0m
[0mGET /logo.png [33m404[0m 0.260 ms - 147[0m
[0mGET /materials/submit [36m304[0m 0.992 ms - -[0m
[0mGET /logo.png [33m404[0m 1.724 ms - 147[0m
[0mGET /styles.css [36m304[0m 1.597 ms - -[0m
[0mPOST /materials/submissions [36m302[0m 34.081 ms - 146[0m
[0mGET /materials/submit?success=Material%20submitted%20successfully!%20It%20will%20be%20reviewed%20by%20an%20administrator. [32m200[0m 1.549 ms - 11584[0m
[0mGET /logo.png [33m404[0m 0.382 ms - 147[0m
[0mGET /styles.css [36m304[0m 0.205 ms - -[0m
[0mGET /login [32m200[0m 2.377 ms - 10865[0m
[0mGET /logo.png [33m404[0m 0.688 ms - 147[0m
[0mGET /styles.css [36m304[0m 0.299 ms - -[0m
[0mGET /academics/src [36m304[0m 0.915 ms - -[0m
[0mGET /logo.png [33m404[0m 0.604 ms - 147[0m
[0mGET /styles.css [36m304[0m 0.593 ms - -[0m
[0mGET /info/enquiry [36m304[0m 1.374 ms - -[0m
[0mGET /logo.png [33m404[0m 0.475 ms - 147[0m
[0mGET /styles.css [36m304[0m 0.250 ms - -[0m
[0mGET /info/updates [32m200[0m 0.810 ms - 10100[0m
[0mGET /logo.png [33m404[0m 0.521 ms - 147[0m
[0mGET /styles.css [36m304[0m 0.482 ms - -[0m
[0mGET /info/venues [32m200[0m 0.906 ms - 10078[0m
[0mGET /styles.css [36m304[0m 0.254 ms - -[0m
[0mGET /logo.png [33m404[0m 0.365 ms - 147[0m
[0mGET /academics/src [36m304[0m 0.793 ms - -[0m
[0mGET /styles.css [36m304[0m 0.323 ms - -[0m
[0mGET /logo.png [33m404[0m 0.232 ms - 147[0m
[0mGET /academics/notices [36m304[0m 0.809 ms - -[0m
[0mGET /styles.css [36m304[0m 0.422 ms - -[0m
[0mGET /logo.png [33m404[0m 0.536 ms - 147[0m
[0mGET /academics/exams [36m304[0m 1.205 ms - -[0m
[0mGET /styles.css [36m304[0m 0.883 ms - -[0m
[0mGET /logo.png [33m404[0m 1.087 ms - 147[0m
[0mGET /academics/calendar [36m304[0m 0.836 ms - -[0m
[0mGET /logo.png [33m404[0m 0.622 ms - 147[0m
[0mGET /styles.css [36m304[0m 0.597 ms - -[0m
[0mGET /academics/notices [36m304[0m 0.682 ms - -[0m
[0mGET /logo.png [33m404[0m 0.536 ms - 147[0m
[0mGET /styles.css [36m304[0m 0.541 ms - -[0m
[0mGET / [32m200[0m 2.414 ms - 13998[0m
[0mGET /logo.png [33m404[0m 0.513 ms - 147[0m
[0mGET /styles.css [36m304[0m 0.219 ms - -[0m
[0mGET /academics/exams [36m304[0m 1.259 ms - -[0m
[0mGET /logo.png [33m404[0m 0.412 ms - 147[0m
[0mGET /styles.css [36m304[0m 0.162 ms - -[0m
[0mGET /academics/exams [36m304[0m 1.201 ms - -[0m
[0mGET /logo.png [33m404[0m 0.412 ms - 147[0m
[0mGET /styles.css [36m304[0m 0.159 ms - -[0m
[0mGET /academics/src [36m304[0m 0.855 ms - -[0m
[0mGET /logo.png [33m404[0m 0.372 ms - 147[0m
[0mGET /styles.css [36m304[0m 0.144 ms - -[0m
[0mGET /materials [36m304[0m 1.844 ms - -[0m
[0mGET /logo.png [33m404[0m 0.797 ms - 147[0m
[0mGET /styles.css [36m304[0m 0.664 ms - -[0m
[0mGET /materials/submit [36m304[0m 0.773 ms - -[0m
[0mGET /logo.png [33m404[0m 0.640 ms - 147[0m
[0mGET /styles.css [36m304[0m 1.174 ms - -[0m
[0mGET /materials [36m304[0m 0.743 ms - -[0m
[0mGET /logo.png [33m404[0m 1.118 ms - 147[0m
[0mGET /styles.css [36m304[0m 1.114 ms - -[0m
[0mGET /materials/submit [36m304[0m 0.758 ms - -[0m
[0mGET /styles.css [36m304[0m 0.332 ms - -[0m
[0mGET /logo.png [33m404[0m 0.680 ms - 147[0m
[0mPOST /materials/submissions [36m302[0m 9.460 ms - 146[0m
[0mGET /materials/submit?success=Material%20submitted%20successfully!%20It%20will%20be%20reviewed%20by%20an%20administrator. [36m304[0m 3.965 ms - -[0m
[0mGET /logo.png [33m404[0m 0.416 ms - 147[0m
[0mGET /styles.css [36m304[0m 0.150 ms - -[0m
[0mGET /info/enquiry [36m304[0m 1.268 ms - -[0m
[0mGET /logo.png [33m404[0m 0.510 ms - 147[0m
[0mGET /styles.css [36m304[0m 0.407 ms - -[0m
[0mGET /info/updates [36m304[0m 2.729 ms - -[0m
[0mGET /logo.png [33m404[0m 0.548 ms - 147[0m
[0mGET /styles.css [36m304[0m 0.569 ms - -[0m
[0mGET /info/updates [36m304[0m 1.260 ms - -[0m
[0mGET /logo.png [33m404[0m 0.612 ms - 147[0m
[0mGET /styles.css [36m304[0m 0.553 ms - -[0m
[0mGET /info/venues [36m304[0m 2.332 ms - -[0m
[0mGET /styles.css [36m304[0m 0.589 ms - -[0m
[0mGET /logo.png [33m404[0m 0.711 ms - 147[0m
[0mGET /sports [36m304[0m 1.730 ms - -[0m
[0mGET /logo.png [33m404[0m 0.636 ms - 147[0m
[0mGET /styles.css [36m304[0m 0.611 ms - -[0m
[0mGET /sports/contacts [32m200[0m 0.827 ms - 10090[0m
[0mGET /styles.css [36m304[0m 0.433 ms - -[0m
[0mGET /logo.png [33m404[0m 0.557 ms - 147[0m
[0mGET /sports/contacts [36m304[0m 1.703 ms - -[0m
[0mGET /logo.png [33m404[0m 1.199 ms - 147[0m
[0mGET /styles.css [36m304[0m 1.511 ms - -[0m
[0mGET /sports/competitions [32m200[0m 1.726 ms - 10070[0m
[0mGET /styles.css [36m304[0m 0.417 ms - -[0m
[0mGET /logo.png [33m404[0m 0.589 ms - 147[0m
[0mGET /info/venues [36m304[0m 1.375 ms - -[0m
[0mGET /logo.png [33m404[0m 0.580 ms - 147[0m
[0mGET /styles.css [36m304[0m 0.224 ms - -[0m
[0mGET /info/updates [36m304[0m 1.747 ms - -[0m
[0mGET /logo.png [33m404[0m 0.870 ms - 147[0m
[0mGET /styles.css [36m304[0m 1.095 ms - -[0m
[0mGET /info/enquiry [36m304[0m 1.357 ms - -[0m
[0mGET /styles.css [36m304[0m 0.394 ms - -[0m
[0mGET /logo.png [33m404[0m 0.494 ms - 147[0m
[0mGET /info [36m304[0m 1.915 ms - -[0m
[0mGET /styles.css [36m304[0m 0.242 ms - -[0m
[0mGET /logo.png [33m404[0m 0.378 ms - 147[0m
[0mGET /academics/src [36m304[0m 0.842 ms - -[0m
[0mGET /styles.css [36m304[0m 0.485 ms - -[0m
[0mGET /logo.png [33m404[0m 0.979 ms - 147[0m
[0mGET /academics [36m304[0m 1.106 ms - -[0m
[0mGET /logo.png [33m404[0m 0.392 ms - 147[0m
[0mGET /styles.css [36m304[0m 0.143 ms - -[0m
[0mGET / [36m304[0m 1.633 ms - -[0m
[0mGET /styles.css [36m304[0m 0.487 ms - -[0m
[0mGET /logo.png [33m404[0m 0.557 ms - 147[0m
[0mGET /academics/src [36m304[0m 2.198 ms - -[0m
[0mGET /logo.png [33m404[0m 0.474 ms - 147[0m
[0mGET /styles.css [36m304[0m 0.183 ms - -[0m
[0mGET /academics/exams [36m304[0m 2.205 ms - -[0m
[0mGET /logo.png [33m404[0m 0.539 ms - 147[0m
[0mGET /styles.css [36m304[0m 0.532 ms - -[0m
[0mGET /academics/notices [36m304[0m 1.372 ms - -[0m
[0mGET /styles.css [36m304[0m 0.467 ms - -[0m
[0mGET /logo.png [33m404[0m 0.428 ms - 147[0m
[0mGET /materials [36m304[0m 1.487 ms - -[0m
[0mGET /styles.css [36m304[0m 0.405 ms - -[0m
[0mGET /logo.png [33m404[0m 0.507 ms - 147[0m
[0mGET /materials/submit [36m304[0m 0.738 ms - -[0m
[0mGET /logo.png [33m404[0m 0.805 ms - 147[0m
[0mGET /styles.css [36m304[0m 0.809 ms - -[0m
[0mGET /info [36m304[0m 1.382 ms - -[0m
[0mGET /logo.png [33m404[0m 0.533 ms - 147[0m
[0mGET /styles.css [36m304[0m 0.542 ms - -[0m
[0mGET /info/enquiry [36m304[0m 3.315 ms - -[0m
[0mGET /styles.css [36m304[0m 0.439 ms - -[0m
[0mGET /logo.png [33m404[0m 0.592 ms - 147[0m
[0mGET /info/venues [36m304[0m 1.183 ms - -[0m
[0mGET /styles.css [36m304[0m 0.987 ms - -[0m
[0mGET /logo.png [33m404[0m 0.569 ms - 147[0m
[0mGET /academics/src [36m304[0m 2.574 ms - -[0m
[0mGET /styles.css [36m304[0m 0.495 ms - -[0m
[0mGET /logo.png [33m404[0m 0.579 ms - 147[0m
[0mGET /academics/exams [36m304[0m 1.151 ms - -[0m
[0mGET /logo.png [33m404[0m 0.554 ms - 147[0m
[0mGET /styles.css [36m304[0m 0.910 ms - -[0m
[0mGET /academics/calendar [36m304[0m 1.387 ms - -[0m
[0mGET /logo.png [33m404[0m 0.497 ms - 147[0m
[0mGET /styles.css [36m304[0m 0.662 ms - -[0m
[0mGET /academics [36m304[0m 1.431 ms - -[0m
[0mGET /logo.png [33m404[0m 0.485 ms - 147[0m
[0mGET /styles.css [36m304[0m 0.495 ms - -[0m
[0mGET /academics/notices [36m304[0m 1.553 ms - -[0m
[0mGET /styles.css [36m304[0m 0.593 ms - -[0m
[0mGET /logo.png [33m404[0m 0.867 ms - 147[0m
[0mGET /academics/src [36m304[0m 1.314 ms - -[0m
[0mGET /logo.png [33m404[0m 0.641 ms - 147[0m
[0mGET /styles.css [36m304[0m 0.764 ms - -[0m
[0mGET /academics/src [36m304[0m 2.073 ms - -[0m
[0mGET /logo.png [33m404[0m 0.924 ms - 147[0m
[0mGET /styles.css [36m304[0m 1.037 ms - -[0m
[0mGET /sports/contacts [36m304[0m 1.496 ms - -[0m
[0mGET /styles.css [36m304[0m 0.296 ms - -[0m
[0mGET /logo.png [33m404[0m 0.222 ms - 147[0m
[0mGET /sports/venues [36m304[0m 1.564 ms - -[0m
[0mGET /logo.png [33m404[0m 0.660 ms - 147[0m
[0mGET /styles.css [36m304[0m 0.688 ms - -[0m
[0mGET /academics [36m304[0m 1.870 ms - -[0m
[0mGET /logo.png [33m404[0m 0.499 ms - 147[0m
[0mGET /styles.css [36m304[0m 0.499 ms - -[0m
[0mGET /academics/exams [36m304[0m 0.651 ms - -[0m
[0mGET /logo.png [33m404[0m 0.485 ms - 147[0m
[0mGET /styles.css [36m304[0m 0.536 ms - -[0m
[0mGET /academics/src [36m304[0m 1.550 ms - -[0m
[0mGET /styles.css [36m304[0m 0.231 ms - -[0m
[0mGET /logo.png [33m404[0m 0.251 ms - 147[0m
[0mGET /academics [36m304[0m 2.320 ms - -[0m
[0mGET /styles.css [36m304[0m 0.291 ms - -[0m
[0mGET /logo.png [33m404[0m 0.208 ms - 147[0m
[0mGET /academics/calendar [36m304[0m 1.823 ms - -[0m
[0mGET /logo.png [33m404[0m 1.351 ms - 147[0m
[0mGET /styles.css [36m304[0m 0.955 ms - -[0m
[0mGET /academics/exams [36m304[0m 1.568 ms - -[0m
[0mGET /logo.png [33m404[0m 0.607 ms - 147[0m
[0mGET /styles.css [36m304[0m 0.636 ms - -[0m
[0mGET /academics/notices [36m304[0m 0.722 ms - -[0m
[0mGET /logo.png [33m404[0m 0.658 ms - 147[0m
[0mGET /styles.css [36m304[0m 0.621 ms - -[0m
[0mGET /materials/submit [36m304[0m 1.522 ms - -[0m
[0mGET /styles.css [36m304[0m 0.252 ms - -[0m
[0mGET /logo.png [33m404[0m 0.234 ms - 147[0m
[0mGET /materials/submit [36m304[0m 2.740 ms - -[0m
[0mGET /logo.png [33m404[0m 0.497 ms - 147[0m
[0mGET /styles.css [36m304[0m 0.273 ms - -[0m
[0mGET /academics [36m304[0m 0.633 ms - -[0m
[0mGET /logo.png [33m404[0m 0.753 ms - 147[0m
[0mGET /styles.css [36m304[0m 0.361 ms - -[0m
[0mGET /academics/calendar [36m304[0m 1.879 ms - -[0m
[0mGET /logo.png [33m404[0m 0.596 ms - 147[0m
[0mGET /styles.css [36m304[0m 0.518 ms - -[0m
[0mGET /academics/exams [36m304[0m 1.346 ms - -[0m
[0mGET /styles.css [36m304[0m 0.429 ms - -[0m
[0mGET /logo.png [33m404[0m 0.511 ms - 147[0m
[0mGET /academics/notices [36m304[0m 1.421 ms - -[0m
[0mGET /styles.css [36m304[0m 0.498 ms - -[0m
[0mGET /logo.png [33m404[0m 0.242 ms - 147[0m
[0mGET /academics/src [36m304[0m 0.745 ms - -[0m
[0mGET /logo.png [33m404[0m 0.655 ms - 147[0m
[0mGET /styles.css [36m304[0m 0.647 ms - -[0m
[0mGET /sports/contacts [36m304[0m 0.708 ms - -[0m
[0mGET /logo.png [33m404[0m 0.488 ms - 147[0m
[0mGET /styles.css [36m304[0m 0.210 ms - -[0m
[0mGET /sports/contacts [36m304[0m 1.373 ms - -[0m
[0mGET /styles.css [36m304[0m 0.410 ms - -[0m
[0mGET /logo.png [33m404[0m 0.533 ms - 147[0m
[0mGET /sports/venues [36m304[0m 1.083 ms - -[0m
[0mGET /logo.png [33m404[0m 0.669 ms - 147[0m
[0mGET /styles.css [36m304[0m 0.727 ms - -[0m
[0mGET /sports [36m304[0m 1.741 ms - -[0m
[0mGET /logo.png [33m404[0m 0.545 ms - 147[0m
[0mGET /styles.css [36m304[0m 0.584 ms - -[0m
[0mGET /academics/exams [36m304[0m 0.848 ms - -[0m
[0mGET /logo.png [33m404[0m 0.422 ms - 147[0m
[0mGET /styles.css [36m304[0m 0.206 ms - -[0m
[0mGET /academics/exams [36m304[0m 1.338 ms - -[0m
[0mGET /logo.png [33m404[0m 0.574 ms - 147[0m
[0mGET /styles.css [36m304[0m 0.526 ms - -[0m
[0mGET /academics/calendar [36m304[0m 1.305 ms - -[0m
[0mGET /logo.png [33m404[0m 1.205 ms - 147[0m
[0mGET /styles.css [36m304[0m 1.393 ms - -[0m
[0mGET /academics [36m304[0m 0.720 ms - -[0m
[0mGET /logo.png [33m404[0m 0.472 ms - 147[0m
[0mGET /styles.css [36m304[0m 0.463 ms - -[0m
[0mGET /info/enquiry [36m304[0m 1.319 ms - -[0m
[0mGET /logo.png [33m404[0m 0.501 ms - 147[0m
[0mGET /styles.css [36m304[0m 0.553 ms - -[0m
[0mGET /info [36m304[0m 0.626 ms - -[0m
[0mGET /logo.png [33m404[0m 1.200 ms - 147[0m
[0mGET /styles.css [36m304[0m 1.094 ms - -[0m
[0mGET /materials/submit [36m304[0m 1.578 ms - -[0m
[0mGET /logo.png [33m404[0m 0.972 ms - 147[0m
[0mGET /styles.css [36m304[0m 1.071 ms - -[0m
[0mGET /materials [36m304[0m 0.788 ms - -[0m
[0mGET /styles.css [36m304[0m 0.788 ms - -[0m
[0mGET /logo.png [33m404[0m 0.790 ms - 147[0m
[0mGET /academics/src [36m304[0m 1.051 ms - -[0m
[0mGET /styles.css [36m304[0m 0.377 ms - -[0m
[0mGET /logo.png [33m404[0m 0.499 ms - 147[0m
[0mGET /academics/exams [36m304[0m 1.239 ms - -[0m
[0mGET /logo.png [33m404[0m 0.475 ms - 147[0m
[0mGET /styles.css [36m304[0m 0.492 ms - -[0m
[0mGET /academics/src [36m304[0m 2.487 ms - -[0m
[0mGET /styles.css [36m304[0m 0.572 ms - -[0m
[0mGET /logo.png [33m404[0m 0.686 ms - 147[0m
[0mGET /materials/submit [36m304[0m 1.600 ms - -[0m
[0mGET /styles.css [36m304[0m 0.667 ms - -[0m
[0mGET /logo.png [33m404[0m 0.598 ms - 147[0m
[0mPOST /materials/submissions [36m302[0m 5.532 ms - 146[0m
[0mGET /materials/submit?success=Material%20submitted%20successfully!%20It%20will%20be%20reviewed%20by%20an%20administrator. [36m304[0m 0.734 ms - -[0m
[0mGET /logo.png [33m404[0m 0.348 ms - 147[0m
[0mGET /styles.css [36m304[0m 0.128 ms - -[0m
[0mGET /materials [36m304[0m 0.752 ms - -[0m
[0mGET /styles.css [36m304[0m 0.508 ms - -[0m
[0mGET /logo.png [33m404[0m 0.677 ms - 147[0m
[0mGET /academics/calendar [36m304[0m 0.640 ms - -[0m
[0mGET /styles.css [36m304[0m 0.261 ms - -[0m
[0mGET /logo.png [33m404[0m 0.203 ms - 147[0m
[0mGET /academics [36m304[0m 1.380 ms - -[0m
[0mGET /styles.css [36m304[0m 0.263 ms - -[0m
[0mGET /logo.png [33m404[0m 0.249 ms - 147[0m
[0mGET /academics/exams [36m304[0m 0.670 ms - -[0m
[0mGET /styles.css [36m304[0m 0.435 ms - -[0m
[0mGET /logo.png [33m404[0m 0.640 ms - 147[0m
[0mGET /academics/notices [36m304[0m 1.264 ms - -[0m
[0mGET /styles.css [36m304[0m 0.545 ms - -[0m
[0mGET /logo.png [33m404[0m 0.556 ms - 147[0m
[0mGET /academics/src [36m304[0m 1.130 ms - -[0m
[0mGET /logo.png [33m404[0m 0.463 ms - 147[0m
[0mGET /styles.css [36m304[0m 0.461 ms - -[0m
[0mGET /academics/exams [36m304[0m 0.861 ms - -[0m
[0mGET /logo.png [33m404[0m 0.359 ms - 147[0m
[0mGET /styles.css [36m304[0m 0.137 ms - -[0m
[0mGET /academics [36m304[0m 1.000 ms - -[0m
[0mGET /logo.png [33m404[0m 0.671 ms - 147[0m
[0mGET /styles.css [36m304[0m 0.689 ms - -[0m
[0mGET /academics/calendar [36m304[0m 2.784 ms - -[0m
[0mGET /logo.png [33m404[0m 1.442 ms - 147[0m
[0mGET /styles.css [36m304[0m 0.886 ms - -[0m
[0mGET /academics [36m304[0m 1.780 ms - -[0m
[0mGET /logo.png [33m404[0m 0.869 ms - 147[0m
[0mGET /styles.css [36m304[0m 0.960 ms - -[0m
[0mGET /materials/submit [36m304[0m 1.999 ms - -[0m
[0mGET /logo.png [33m404[0m 0.485 ms - 147[0m
[0mGET /styles.css [36m304[0m 0.477 ms - -[0m
[0mPOST /materials/submissions [36m302[0m 12.178 ms - 146[0m
[0mGET /materials/submit?success=Material%20submitted%20successfully!%20It%20will%20be%20reviewed%20by%20an%20administrator. [36m304[0m 3.866 ms - -[0m
[0mGET /logo.png [33m404[0m 0.556 ms - 147[0m
[0mGET /styles.css [36m304[0m 0.139 ms - -[0m
[0mGET /academics [36m304[0m 1.302 ms - -[0m
[0mGET /styles.css [36m304[0m 0.278 ms - -[0m
[0mGET /logo.png [33m404[0m 0.346 ms - 147[0m
[0mGET /academics/src [36m304[0m 1.082 ms - -[0m
[0mGET /logo.png [33m404[0m 0.504 ms - 147[0m
[0mGET /styles.css [36m304[0m 0.194 ms - -[0m
[0mGET /academics/notices [36m304[0m 0.650 ms - -[0m
[0mGET /logo.png [33m404[0m 0.509 ms - 147[0m
[0mGET /styles.css [36m304[0m 0.506 ms - -[0m
[0mGET /academics/src [36m304[0m 2.016 ms - -[0m
[0mGET /logo.png [33m404[0m 0.677 ms - 147[0m
[0mGET /styles.css [36m304[0m 0.341 ms - -[0m
[0mGET /academics/src [36m304[0m 2.103 ms - -[0m
[0mGET /styles.css [36m304[0m 0.431 ms - -[0m
[0mGET /logo.png [33m404[0m 0.436 ms - 147[0m
[0mGET /academics/src [36m304[0m 1.391 ms - -[0m
[0mGET /logo.png [33m404[0m 0.627 ms - 147[0m
[0mGET /styles.css [36m304[0m 0.288 ms - -[0m
